src/components/AppointmentForm.tsx(1,27): error TS2614: Module '"@/components/PatientSelector"' has no exported member 'Patient'. Did you mean to use 'import Patient from "@/components/PatientSelector"' instead?
src/components/clinic-admin/RoomManagement.tsx(68,39): error TS2345: Argument of type '(a: { staff_id: string; profiles?: { full_name: string | null; }; }) => { staff_id: string; full_name: string; }' is not assignable to parameter of type '(value: { staff_id: any; profiles: { full_name: any; }[]; }, index: number, array: { staff_id: any; profiles: { full_name: any; }[]; }[]) => { staff_id: string; full_name: string; }'.
  Types of parameters 'a' and 'value' are incompatible.
    Type '{ staff_id: any; profiles: { full_name: any; }[]; }' is not assignable to type '{ staff_id: string; profiles?: { full_name: string; }; }'.
      Types of property 'profiles' are incompatible.
        Property 'full_name' is missing in type '{ full_name: any; }[]' but required in type '{ full_name: string; }'.
src/components/clinic-admin/RoomManagement.tsx(102,47): error TS2345: Argument of type '{ room_number: string; room_name: string; floor: string; capacity: number; equipment: string[]; is_active: boolean; }' is not assignable to parameter of type '{ id?: string; clinic_id: string; room_number: string; room_name?: string; floor?: string; capacity?: number; equipment?: string[]; is_active?: boolean; created_at?: string; updated_at?: string; }'.
  Property 'clinic_id' is missing in type '{ room_number: string; room_name: string; floor: string; capacity: number; equipment: string[]; is_active: boolean; }' but required in type '{ id?: string; clinic_id: string; room_number: string; room_name?: string; floor?: string; capacity?: number; equipment?: string[]; is_active?: boolean; created_at?: string; updated_at?: string; }'.
src/components/clinic-admin/RoomOccupancyDashboard.tsx(83,28): error TS2802: Type 'Set<any>' can only be iterated through when using the '--downlevelIteration' flag or with a '--target' of 'es2015' or higher.
src/components/ClinicStatusCard.tsx(73,40): error TS2339: Property 'clinics' does not exist on type 'ClinicContextType'.
src/components/ClinicStatusCard.tsx(73,49): error TS2339: Property 'loading' does not exist on type 'ClinicContextType'.
src/components/ClinicStatusCard.tsx(292,27): error TS2339: Property 'address' does not exist on type 'Clinic | SimpleClinic'.
  Property 'address' does not exist on type 'SimpleClinic'.
src/components/ClinicStatusCard.tsx(295,37): error TS2339: Property 'address' does not exist on type 'Clinic | SimpleClinic'.
  Property 'address' does not exist on type 'SimpleClinic'.
src/components/ConsultationDetails.tsx(20,25): error TS2352: Conversion of type 'string | number | boolean | { [key: string]: Json; } | Json[]' to type 'PhysicalExaminationData' may be a mistake because neither type sufficiently overlaps with the other. If this was intentional, convert the expression to 'unknown' first.
  Property 'capture_method' is missing in type 'Json[]' but required in type 'PhysicalExaminationData'.
src/components/ConsultationDetails.tsx(317,29): error TS2339: Property 'capture_method' does not exist on type '{}'.
src/components/ConsultationDetails.tsx(317,75): error TS2339: Property 'template_name' does not exist on type '{}'.
src/components/ConsultationDetails.tsx(320,33): error TS2339: Property 'template_name' does not exist on type '{}'.
src/components/ConsultationDetails.tsx(323,29): error TS2339: Property 'capture_method' does not exist on type '{}'.
src/components/ConsultationDetails.tsx(345,29): error TS2339: Property 'capture_method' does not exist on type '{}'.
src/components/ConsultationDetails.tsx(345,76): error TS2339: Property 'free_text' does not exist on type '{}'.
src/components/ConsultationDetails.tsx(348,35): error TS2339: Property 'free_text' does not exist on type '{}'.
src/components/ConsultationDetails.tsx(354,29): error TS2339: Property 'capture_method' does not exist on type '{}'.
src/components/ConsultationDetails.tsx(358,35): error TS2339: Property 'exam_date' does not exist on type '{}'.
src/components/ConsultationDetails.tsx(361,68): error TS2339: Property 'exam_date' does not exist on type '{}'.
src/components/ConsultationDetails.tsx(364,35): error TS2339: Property 'exam_time' does not exist on type '{}'.
src/components/ConsultationDetails.tsx(367,45): error TS2339: Property 'exam_time' does not exist on type '{}'.
src/components/ConsultationDetails.tsx(373,33): error TS2339: Property 'vital_signs' does not exist on type '{}'.
src/components/ConsultationDetails.tsx(373,73): error TS2339: Property 'vital_signs' does not exist on type '{}'.
src/components/ConsultationDetails.tsx(377,54): error TS2339: Property 'vital_signs' does not exist on type '{}'.
src/components/ConsultationDetails.tsx(391,33): error TS2339: Property 'sections' does not exist on type '{}'.
src/components/ConsultationDetails.tsx(391,70): error TS2339: Property 'sections' does not exist on type '{}'.
src/components/ConsultationDetails.tsx(393,52): error TS2339: Property 'sections' does not exist on type '{}'.
src/components/ConsultationDetails.tsx(405,34): error TS2339: Property 'general_observations' does not exist on type '{}'.
src/components/ConsultationDetails.tsx(405,71): error TS2339: Property 'generalObservations' does not exist on type '{}'.
src/components/ConsultationDetails.tsx(409,39): error TS2339: Property 'general_observations' does not exist on type '{}'.
src/components/ConsultationDetails.tsx(409,76): error TS2339: Property 'generalObservations' does not exist on type '{}'.
src/components/ConsultationDetails.tsx(415,33): error TS2339: Property 'template_id' does not exist on type '{}'.
src/components/ConsultationDetails.tsx(417,54): error TS2339: Property 'template_id' does not exist on type '{}'.
src/components/ConsultationDetails.tsx(424,30): error TS2339: Property 'capture_method' does not exist on type '{}'.
src/components/ConsultationDetails.tsx(424,61): error TS2339: Property 'sections' does not exist on type '{}'.
src/components/ConsultationDetails.tsx(426,48): error TS2339: Property 'sections' does not exist on type '{}'.
src/components/ConsultationForm.tsx(1006,5): error TS2552: Cannot find name 'setAssistantSuggestions'. Did you mean 'handleAssistantSuggestion'?
src/components/DashboardPaciente.tsx(123,30): error TS2802: Type 'Set<any>' can only be iterated through when using the '--downlevelIteration' flag or with a '--target' of 'es2015' or higher.
src/components/DashboardPaciente.tsx(181,43): error TS2367: This comparison appears to be unintentional because the types '"in_progress" | "completed" | "no_show" | "cancelled"' and '"confirmed_by_patient"' have no overlap.
src/components/DashboardPaciente.tsx(183,17): error TS2367: This comparison appears to be unintentional because the types '"in_progress" | "no_show" | "cancelled"' and '"cancelled_by_clinic"' have no overlap.
src/components/DashboardPaciente.tsx(183,57): error TS2367: This comparison appears to be unintentional because the types '"in_progress" | "no_show" | "cancelled"' and '"cancelled_by_patient"' have no overlap.
src/components/EnhancedAppointmentManager.tsx(6,58): error TS2307: Cannot find module '@/components/ui/card' or its corresponding type declarations.
src/components/EnhancedAppointmentManager.tsx(8,23): error TS2307: Cannot find module '@/components/ui/badge' or its corresponding type declarations.
src/components/EnhancedAppointmentManager.tsx(9,66): error TS2307: Cannot find module '@/components/ui/dialog' or its corresponding type declarations.
src/components/EnhancedAppointmentManager.tsx(10,41): error TS2307: Cannot find module '@/components/ui/alert' or its corresponding type declarations.
src/components/EnhancedAppointmentManager.tsx(117,13): error TS2353: Object literal may only specify known properties, and 'name' does not exist in type '{ id: string; full_name: string; phone?: string; email?: string; birth_date?: string; }'.
src/components/EnhancedAppointmentManager.tsx(153,61): error TS2339: Property 'name' does not exist on type '{ id: string; full_name: string; phone?: string; email?: string; birth_date?: string; }'.
src/components/EnhancedAppointmentManager.tsx(319,19): error TS2322: Type '"sm"' is not assignable to type '"default" | "lg"'.
src/components/EnhancedAppointmentManager.tsx(336,23): error TS2322: Type '"sm"' is not assignable to type '"default" | "lg"'.
src/components/EnhancedAppointmentManager.tsx(442,40): error TS2339: Property 'room_number' does not exist on type 'EnhancedAppointment'.
src/components/EnhancedAppointmentManager.tsx(445,82): error TS2339: Property 'room_number' does not exist on type 'EnhancedAppointment'.
src/components/EnhancedAppointmentManager.tsx(458,82): error TS2339: Property 'name' does not exist on type '{ id: string; full_name: string; phone?: string; email?: string; birth_date?: string; }'.
src/components/EnhancedAppointmentManager.tsx(492,36): error TS2339: Property 'google_calendar_sync_enabled' does not exist on type 'EnhancedAppointment'.
src/components/EnhancedAppointmentManager.tsx(515,19): error TS2322: Type '"destructive"' is not assignable to type '"default" | "outline"'.
src/components/EnhancedAppointmentManager.tsx(539,13): error TS2322: Type '{ appointment: EnhancedAppointment; onSubmit: (data: CreateAppointmentPayload) => Promise<void>; onCancel: () => void; }' is not assignable to type 'IntrinsicAttributes & AppointmentFormProps'.
  Property 'onCancel' does not exist on type 'IntrinsicAttributes & AppointmentFormProps'.
src/components/GoogleCalendarIntegration.tsx(3,75): error TS2307: Cannot find module '@/components/ui/card' or its corresponding type declarations.
src/components/GoogleCalendarIntegration.tsx(4,24): error TS2307: Cannot find module '@/components/ui/switch' or its corresponding type declarations.
src/components/GoogleCalendarIntegration.tsx(5,79): error TS2307: Cannot find module '@/components/ui/select' or its corresponding type declarations.
src/components/GoogleCalendarIntegration.tsx(6,23): error TS2307: Cannot find module '@/components/ui/badge' or its corresponding type declarations.
src/components/GoogleCalendarIntegration.tsx(7,27): error TS2307: Cannot find module '@/components/ui/separator' or its corresponding type declarations.
src/components/GoogleCalendarIntegration.tsx(8,41): error TS2307: Cannot find module '@/components/ui/alert' or its corresponding type declarations.
src/components/GoogleCalendarIntegration.tsx(12,3): error TS2305: Module '"lucide-react"' has no exported member 'Sync'.
src/components/GoogleCalendarIntegration.tsx(225,45): error TS2322: Type '"sm"' is not assignable to type '"default" | "lg"'.
src/components/GoogleCalendarIntegration.tsx(228,27): error TS2322: Type '"destructive"' is not assignable to type '"default" | "outline"'.
src/components/GoogleCalendarIntegration.tsx(228,49): error TS2322: Type '"sm"' is not assignable to type '"default" | "lg"'.
src/components/GoogleCalendarIntegration.tsx(268,21): error TS2322: Type '"sm"' is not assignable to type '"default" | "lg"'.
src/components/GoogleCalendarIntegration.tsx(277,21): error TS2322: Type '"sm"' is not assignable to type '"default" | "lg"'.
src/components/KeyboardShortcutsHelp.tsx(66,35): error TS2345: Argument of type 'KeyboardShortcut | { key: string; ctrlKey: boolean; description: string; } | { key: string; description: string; ctrlKey?: undefined; }' is not assignable to parameter of type 'KeyboardShortcut'.
  Property 'action' is missing in type '{ key: string; ctrlKey: boolean; description: string; }' but required in type 'KeyboardShortcut'.
src/components/LayoutVersioning.tsx(4,19): error TS2305: Module '"lucide-react"' has no exported member 'Compare'.
src/components/MedicalRecommendationsEngine.tsx(206,29): error TS2345: Argument of type '{ type: "other"; priority: "urgent" | "medium"; expectedResults: string; test: string; rationale: string; cost: string; availability: string; }' is not assignable to parameter of type 'SuggestedTest'.
  Types of property 'cost' are incompatible.
    Type 'string' is not assignable to type '"low" | "high" | "medium"'.
src/components/MedicalRecommendationsEngine.tsx(218,29): error TS2345: Argument of type '{ type: "other" | "imaging"; priority: "urgent" | "medium"; expectedResults: string; test: string; rationale: string; cost: string; availability: string; }' is not assignable to parameter of type 'SuggestedTest'.
  Types of property 'cost' are incompatible.
    Type 'string' is not assignable to type '"low" | "high" | "medium"'.
src/components/MedicalRecommendationsEngine.tsx(230,29): error TS2345: Argument of type '{ type: "other" | "imaging"; priority: "urgent" | "medium"; expectedResults: string; test: string; rationale: string; cost: string; availability: string; }' is not assignable to parameter of type 'SuggestedTest'.
  Types of property 'cost' are incompatible.
    Type 'string' is not assignable to type '"low" | "high" | "medium"'.
src/components/MedicalRecordAppointmentIntegration.tsx(2,58): error TS2307: Cannot find module '@/components/ui/card' or its corresponding type declarations.
src/components/MedicalRecordAppointmentIntegration.tsx(4,23): error TS2307: Cannot find module '@/components/ui/input' or its corresponding type declarations.
src/components/MedicalRecordAppointmentIntegration.tsx(5,23): error TS2307: Cannot find module '@/components/ui/label' or its corresponding type declarations.
src/components/MedicalRecordAppointmentIntegration.tsx(6,26): error TS2307: Cannot find module '@/components/ui/textarea' or its corresponding type declarations.
src/components/MedicalRecordAppointmentIntegration.tsx(7,24): error TS2307: Cannot find module '@/components/ui/switch' or its corresponding type declarations.
src/components/MedicalRecordAppointmentIntegration.tsx(8,23): error TS2307: Cannot find module '@/components/ui/badge' or its corresponding type declarations.
src/components/MedicalRecordAppointmentIntegration.tsx(9,27): error TS2307: Cannot find module '@/components/ui/separator' or its corresponding type declarations.
src/components/MedicalRecordAppointmentIntegration.tsx(10,41): error TS2307: Cannot find module '@/components/ui/alert' or its corresponding type declarations.
src/components/MedicalRecordAppointmentIntegration.tsx(11,66): error TS2307: Cannot find module '@/components/ui/dialog' or its corresponding type declarations.
src/components/MedicalRecordAppointmentIntegration.tsx(12,58): error TS2307: Cannot find module '@/components/ui/tabs' or its corresponding type declarations.
src/components/MedicalRecordAppointmentIntegration.tsx(331,75): error TS2339: Property 'name' does not exist on type '{ id: string; full_name: string; phone?: string; email?: string; birth_date?: string; }'.
src/components/MedicalRecordAppointmentIntegration.tsx(349,27): error TS2322: Type '"sm"' is not assignable to type '"default" | "lg"'.
src/components/MedicalRecordAppointmentIntegration.tsx(361,29): error TS2322: Type '"sm"' is not assignable to type '"default" | "lg"'.
src/components/MedicalRecordAppointmentIntegration.tsx(374,27): error TS2322: Type '"sm"' is not assignable to type '"default" | "lg"'.
src/components/MedicalRecordAppointmentIntegration.tsx(609,39): error TS2322: Type '"sm"' is not assignable to type '"default" | "lg"'.
src/components/MedicalRecordAppointmentIntegration.tsx(623,27): error TS2322: Type '"destructive"' is not assignable to type '"default" | "outline"'.
src/components/MedicalRecordAppointmentIntegration.tsx(624,27): error TS2322: Type '"sm"' is not assignable to type '"default" | "lg"'.
src/components/MedicalRecordAppointmentIntegration.tsx(761,86): error TS2339: Property 'name' does not exist on type '{ id: string; full_name: string; phone?: string; email?: string; birth_date?: string; }'.
src/components/MedicalWidgets.tsx(504,33): error TS2554: Expected 7 arguments, but got 2.
src/components/MedicalWidgets.tsx(513,33): error TS2554: Expected 7 arguments, but got 5.
src/components/MedicalWidgets.tsx(525,33): error TS2554: Expected 7 arguments, but got 3.
src/components/MedicalWidgets.tsx(535,13): error TS2345: Argument of type 'any' is not assignable to parameter of type 'never'.
src/components/MedicalWidgets.tsx(546,31): error TS2554: Expected 7 arguments, but got 3.
src/components/Navigation/Navbar.tsx(276,29): error TS2339: Property 'avatar_url' does not exist on type '{ id: string; email: string; role: string; specialty: string; full_name: string; created_at: string; updated_at: string; license_number: string; phone: string; schedule: Json; clinic_id: string; ... 8 more ...; physical_presence_schedule: Json; }'.
src/components/Navigation/SearchBar.tsx(86,58): error TS2339: Property 'full_name' does not exist on type '{ full_name: any; }[]'.
src/components/PatientPrescriptionHistory.tsx(41,14): error TS2551: Property 'prescription' does not exist on type 'PrescriptionHistoryEntry'. Did you mean 'prescription_id'?
src/components/PatientPrescriptionHistory.tsx(199,14): error TS2741: Property 'compact' is missing in type '{ history: PrescriptionHistoryEntry[]; onSelect: Dispatch<SetStateAction<string>>; onReprint: (entryId: string) => Promise<void>; }' but required in type 'PrescriptionListProps'.
src/components/PatientPrescriptionHistory.tsx(207,14): error TS2741: Property 'compact' is missing in type '{ history: PrescriptionHistoryEntry[]; onSelect: Dispatch<SetStateAction<string>>; onReprint: (entryId: string) => Promise<void>; }' but required in type 'PrescriptionListProps'.
src/components/PhysicalExamForm.tsx(8,3): error TS2724: '"@/lib/medicalConfig"' has no exported member named 'VitalSignRange'. Did you mean 'VITAL_SIGNS_RANGES'?
src/components/PhysicalExamForm.tsx(360,15): error TS2339: Property 'observations' does not exist on type 'unknown'.
src/components/PhysicalExamForm.tsx(360,40): error TS2339: Property 'selectedFindings' does not exist on type 'unknown'.
src/components/PhysicalExamForm.tsx(360,68): error TS2339: Property 'selectedFindings' does not exist on type 'unknown'.
src/components/PhysicalExamForm.tsx(770,25): error TS2367: This comparison appears to be unintentional because the types '"number" | "text" | "textarea" | "select" | "checkbox" | "radio"' and '"date"' have no overlap.
src/components/PhysicalExamTemplateEditor.tsx(48,19): error TS2345: Argument of type '{ id: string; title: string; description: string; order: number; questions: { id: string; label: string; type: "number" | "text" | "textarea" | "select" | "checkbox" | "radio"; required: boolean; placeholder: string; options: string[]; defaultValue: string | ... 1 more ... | true; }[]; }[]' is not assignable to parameter of type 'SetStateAction<TemplateSection[]>'.
  Type '{ id: string; title: string; description: string; order: number; questions: { id: string; label: string; type: "number" | "text" | "textarea" | "select" | "checkbox" | "radio"; required: boolean; placeholder: string; options: string[]; defaultValue: string | ... 1 more ... | true; }[]; }[]' is not assignable to type 'TemplateSection[]'.
    Type '{ id: string; title: string; description: string; order: number; questions: { id: string; label: string; type: "number" | "text" | "textarea" | "select" | "checkbox" | "radio"; required: boolean; placeholder: string; options: string[]; defaultValue: string | ... 1 more ... | true; }[]; }' is not assignable to type 'TemplateSection'.
      Types of property 'questions' are incompatible.
        Type '{ id: string; label: string; type: "number" | "text" | "textarea" | "select" | "checkbox" | "radio"; required: boolean; placeholder: string; options: string[]; defaultValue: string | number | true; }[]' is not assignable to type 'TemplateQuestion[]'.
          Type '{ id: string; label: string; type: "number" | "text" | "textarea" | "select" | "checkbox" | "radio"; required: boolean; placeholder: string; options: string[]; defaultValue: string | number | true; }' is not assignable to type 'TemplateQuestion'.
            Types of property 'defaultValue' are incompatible.
              Type 'string | number | true' is not assignable to type 'string'.
                Type 'number' is not assignable to type 'string'.
src/components/PhysicalExamTemplates.tsx(193,50): error TS2339: Property 'specialty' does not exist on type '{ id: string; name: string; icon: LucideIcon; description: string; fields: { main: { title: string; fields: ({ id: string; label: string; type: string; placeholder: string; required: boolean; options?: undefined; } | { ...; })[]; }; }; } | { ...; }'.
  Property 'specialty' does not exist on type '{ id: string; name: string; icon: LucideIcon; description: string; fields: { main: { title: string; fields: ({ id: string; label: string; type: string; placeholder: string; required: boolean; options?: undefined; } | { ...; })[]; }; }; }'.
src/components/PhysicalExamTemplates.tsx(193,81): error TS2339: Property 'specialty' does not exist on type '{ id: string; name: string; icon: LucideIcon; description: string; fields: { main: { title: string; fields: ({ id: string; label: string; type: string; placeholder: string; required: boolean; options?: undefined; } | { ...; })[]; }; }; } | { ...; }'.
  Property 'specialty' does not exist on type '{ id: string; name: string; icon: LucideIcon; description: string; fields: { main: { title: string; fields: ({ id: string; label: string; type: string; placeholder: string; required: boolean; options?: undefined; } | { ...; })[]; }; }; }'.
src/components/PhysicalExamTemplates.tsx(194,53): error TS2339: Property 'specialty' does not exist on type '{ id: string; name: string; icon: LucideIcon; description: string; fields: { main: { title: string; fields: ({ id: string; label: string; type: string; options: string[]; placeholder?: undefined; } | { ...; })[]; }; }; }'.
src/components/PhysicalExamTemplates.tsx(194,84): error TS2339: Property 'specialty' does not exist on type '{ id: string; name: string; icon: LucideIcon; description: string; fields: { main: { title: string; fields: ({ id: string; label: string; type: string; options: string[]; placeholder?: undefined; } | { ...; })[]; }; }; }'.
src/components/PhysicalExamTemplates.tsx(198,49): error TS2339: Property 'specialty' does not exist on type '{ lastModified?: string; author?: string; description?: string; }'.
src/components/PhysicalExamTemplates.tsx(226,51): error TS2339: Property 'specialty' does not exist on type '{ category: string; id: string; name: string; icon: LucideIcon; description: string; fields: { main: { title: string; fields: ({ id: string; label: string; type: string; options: string[]; placeholder?: undefined; } | { ...; })[]; }; }; }'.
src/components/PhysicalExamTemplates.tsx(615,41): error TS2304: Cannot find name 'Check'.
src/components/PhysicalExamTemplates.tsx(631,31): error TS2339: Property 'specialty' does not exist on type '{ category: string; id: string; name: string; icon: LucideIcon; description: string; fields: { main: { title: string; fields: ({ id: string; label: string; type: string; options: string[]; placeholder?: undefined; } | { ...; })[]; }; }; }'.
src/components/PhysicalExamTemplates.tsx(633,35): error TS2339: Property 'specialty' does not exist on type '{ category: string; id: string; name: string; icon: LucideIcon; description: string; fields: { main: { title: string; fields: ({ id: string; label: string; type: string; options: string[]; placeholder?: undefined; } | { ...; })[]; }; }; }'.
src/components/PhysicalExamTemplates.tsx(705,41): error TS2304: Cannot find name 'Check'.
src/components/RealTimeMedicalGuidance.tsx(222,9): error TS2322: Type '{ id: string; type: "success" | "warning" | "critical" | "info"; title: string; message: string; action: string; confidence: number; timestamp: Date; source: "ai"; category: "diagnosis" | "treatment" | "safety" | "efficiency"; }[]' is not assignable to type 'GuidanceAlert[]'.
  Type '{ id: string; type: "critical" | "warning" | "info" | "success"; title: string; message: string; action: string; confidence: number; timestamp: Date; source: "ai"; category: "diagnosis" | "treatment" | "safety" | "efficiency"; }' is not assignable to type 'GuidanceAlert'.
    Types of property 'type' are incompatible.
      Type '"success" | "warning" | "critical" | "info"' is not assignable to type '"warning" | "critical" | "info" | "suggestion"'.
        Type '"success"' is not assignable to type '"warning" | "critical" | "info" | "suggestion"'.
src/components/RealTimeMedicalGuidance.tsx(342,28): error TS2304: Cannot find name 'Loader2'.
src/components/RealTimeMedicalGuidance.tsx(393,18): error TS2304: Cannot find name 'X'.
src/components/settings/GoogleCalendarSettings.tsx(5,26): error TS2307: Cannot find module '@/hooks/use-toast' or its corresponding type declarations.
src/components/settings/GoogleCalendarSettings.tsx(25,53): error TS2339: Property 'isConnected' does not exist on type 'GoogleCalendarService'.
src/components/settings/GoogleCalendarSettings.tsx(37,35): error TS2339: Property 'initiateAuth' does not exist on type 'GoogleCalendarService'.
src/components/settings/GoogleCalendarSettings.tsx(58,35): error TS2339: Property 'disconnect' does not exist on type 'GoogleCalendarService'.
src/components/TemplateAssistant.tsx(76,16): error TS2802: Type 'Set<string>' can only be iterated through when using the '--downlevelIteration' flag or with a '--target' of 'es2015' or higher.
src/components/TemplateAssistant.tsx(254,58): error TS2322: Type '{ className: string; title: string; }' is not assignable to type 'IntrinsicAttributes & LucideProps'.
  Property 'title' does not exist on type 'IntrinsicAttributes & LucideProps'.
src/components/TemplateAssistant.tsx(256,57): error TS2322: Type '{ className: string; title: string; }' is not assignable to type 'IntrinsicAttributes & LucideProps'.
  Property 'title' does not exist on type 'IntrinsicAttributes & LucideProps'.
src/components/TemplateAssistant.tsx(258,61): error TS2322: Type '{ className: string; title: string; }' is not assignable to type 'IntrinsicAttributes & LucideProps'.
  Property 'title' does not exist on type 'IntrinsicAttributes & LucideProps'.
src/components/TemplatePreviewModal.tsx(313,14): error TS2322: Type '{ children: string; jsx: true; }' is not assignable to type 'DetailedHTMLProps<StyleHTMLAttributes<HTMLStyleElement>, HTMLStyleElement>'.
  Property 'jsx' does not exist on type 'DetailedHTMLProps<StyleHTMLAttributes<HTMLStyleElement>, HTMLStyleElement>'.
src/components/TemplateRunnerModal.tsx(4,20): error TS2305: Module '"lucide-react"' has no exported member 'Progress'.
src/features/authentication/services/authService.ts(450,15): error TS2484: Export declaration conflicts with exported declaration of 'LoginCredentials'.
src/features/authentication/services/authService.ts(450,42): error TS2484: Export declaration conflicts with exported declaration of 'ProfileData'.
src/features/authentication/services/authService.ts(450,85): error TS2484: Export declaration conflicts with exported declaration of 'RegisterData'.
src/features/medical-templates/components/ConsultationConfigTab.tsx(36,9): error TS2698: Spread types may only be created from object types.
src/features/medical-templates/components/ConsultationConfigTab.tsx(311,21): error TS17001: JSX elements cannot have multiple attributes with the same name.
src/features/medical-templates/components/ConsultationConfigTab.tsx(323,21): error TS17001: JSX elements cannot have multiple attributes with the same name.
src/features/patients/components/NewPatientForm.tsx(189,55): error TS2339: Property 'full_name' does not exist on type 'unknown'.
src/features/patients/components/NewPatientForm.tsx(190,18): error TS2345: Argument of type 'unknown' is not assignable to parameter of type '{ id: string; first_name: string; last_name: string; full_name: string; birth_date: string; gender: string; email: string; phone: string; address: string; city_of_birth: string; city_of_residence: string; ... 12 more ...; medical_history: Json; }'.
  Type '{}' is missing the following properties from type '{ id: string; first_name: string; last_name: string; full_name: string; birth_date: string; gender: string; email: string; phone: string; address: string; city_of_birth: string; city_of_residence: string; ... 12 more ...; medical_history: Json; }': id, first_name, last_name, full_name, and 20 more.
src/features/patients/components/NewPatientForm.tsx(195,44): error TS2339: Property 'message' does not exist on type 'unknown'.
src/features/patients/services/__tests__/patientService.test.ts(177,11): error TS2741: Property 'primary_doctor_id' is missing in type '{ full_name: string; social_security_number: string; email: string; phone: string; birth_date: string; gender: string; clinic_id: string; }' but required in type '{ id?: string; first_name?: string; last_name?: string; full_name?: string; birth_date?: string; gender?: string; email?: string; phone?: string; address?: string; city_of_birth?: string; city_of_residence?: string; ... 12 more ...; medical_history?: Json; }'.
src/features/patients/services/__tests__/patientService.test.ts(264,13): error TS2741: Property 'primary_doctor_id' is missing in type '{ full_name: string; clinic_id: string; }' but required in type '{ id?: string; first_name?: string; last_name?: string; full_name?: string; birth_date?: string; gender?: string; email?: string; phone?: string; address?: string; city_of_birth?: string; city_of_residence?: string; ... 12 more ...; medical_history?: Json; }'.
src/hooks/useAdminAppointments.ts(36,5): error TS2322: Type 'string[]' is not assignable to type 'AppointmentStatus[]'.
  Type 'string' is not assignable to type 'AppointmentStatus'.
src/hooks/useAdminAppointments.ts(37,5): error TS2322: Type 'string[]' is not assignable to type 'AppointmentType[]'.
  Type 'string' is not assignable to type 'AppointmentType'.
src/hooks/useGoogleCalendarAppointments.ts(290,23): error TS2339: Property 'google_calendar_event_id' does not exist on type 'EnhancedAppointment'.
src/hooks/useGoogleCalendarAppointments.ts(295,25): error TS2339: Property 'google_calendar_event_id' does not exist on type 'EnhancedAppointment'.
src/hooks/useRequestThrottle.ts(59,10): error TS2352: Conversion of type '(...args: Parameters<T>) => ReturnType<T>' to type 'T' may be a mistake because neither type sufficiently overlaps with the other. If this was intentional, convert the expression to 'unknown' first.
  '(...args: Parameters<T>) => ReturnType<T>' is assignable to the constraint of type 'T', but 'T' could be instantiated with a different subtype of constraint '(...args: any[]) => Promise<any>'.
src/hooks/useUnifiedPrescriptionSystem.ts(239,9): error TS2740: Type '{ prescription_id: any; action: "created"; performed_by: string; notes: string; metadata: { layout_id: string; medications_count: number; diagnosis: string; expires_at: string; }; }' is missing the following properties from type 'PrescriptionHistoryEntry': id, patient_id, layout_snapshot, medications_snapshot, and 2 more.
src/hooks/useUnifiedPrescriptionSystem.ts(350,7): error TS2739: Type '{ pageMargins: Record<string, string>; printQuality: string; colorMode: string; scaleFactor: number; }' is missing the following properties from type '{ pageMargins: Record<string, string>; printQuality: string; colorMode: string; scaleFactor: number; autoFitContent: boolean; includeQrCode: boolean; includeDigitalSignature: boolean; watermarkText?: string; }': autoFitContent, includeQrCode, includeDigitalSignature
src/hooks/useUnifiedPrescriptionSystem.ts(612,34): error TS2339: Property 'layout' does not exist on type 'PrescriptionHistoryEntry'.
src/lib/services/audit-service.ts(141,43): error TS2339: Property 'full_name' does not exist on type '{ full_name: any; }[]'.
src/lib/services/clinic-config-service.ts(96,18): error TS2320: Interface 'EffectiveConfiguration' cannot simultaneously extend types 'ClinicConfiguration' and 'Partial<UserClinicPreferences>'.
  Named property 'clinic_id' of types 'ClinicConfiguration' and 'Partial<UserClinicPreferences>' are not identical.
src/lib/services/clinic-staff-service.ts(145,7): error TS2322: Type '{ id: any; full_name: any; email: any; role_in_clinic: any; status: any; is_active: any; created_at: any; approved_at: any; approved_by: any; rejection_reason: any; rejected_at: any; rejected_by: any; }[]' is not assignable to type 'StaffMember[]'.
  Property 'permissions_override' is missing in type '{ id: any; full_name: any; email: any; role_in_clinic: any; status: any; is_active: any; created_at: any; approved_at: any; approved_by: any; rejection_reason: any; rejected_at: any; rejected_by: any; }' but required in type 'StaffMember'.
src/lib/services/clinic-staff-service.ts(186,7): error TS2322: Type '{ id: any; full_name: any; email: any; role_in_clinic: any; status: any; is_active: any; created_at: any; approved_at: any; approved_by: any; rejection_reason: any; rejected_at: any; rejected_by: any; }[]' is not assignable to type 'StaffMember[]'.
  Property 'permissions_override' is missing in type '{ id: any; full_name: any; email: any; role_in_clinic: any; status: any; is_active: any; created_at: any; approved_at: any; approved_by: any; rejection_reason: any; rejected_at: any; rejected_by: any; }' but required in type 'StaffMember'.
src/lib/services/clinic-staff-service.ts(470,28): error TS2339: Property 'id' does not exist on type '{ id: any; name: any; type: any; }[]'.
src/lib/services/clinic-staff-service.ts(471,30): error TS2339: Property 'name' does not exist on type '{ id: any; name: any; type: any; }[]'.
src/lib/services/clinic-staff-service.ts(472,30): error TS2339: Property 'type' does not exist on type '{ id: any; name: any; type: any; }[]'.
src/lib/services/google-calendar-service.ts(222,11): error TS2741: Property 'id' is missing in type 'Omit<GoogleCalendarEvent, "id">' but required in type 'GoogleCalendarEvent'.
src/lib/services/google-calendar-service.ts(266,11): error TS2741: Property 'id' is missing in type 'Omit<GoogleCalendarEvent, "id">' but required in type 'GoogleCalendarEvent'.
src/lib/services/medical-record-appointment-integration.ts(285,44): error TS2339: Property 'room_number' does not exist on type 'EnhancedAppointment'.
src/lib/services/medical-record-appointment-integration.ts(288,61): error TS2339: Property 'google_calendar_sync_enabled' does not exist on type 'EnhancedAppointment'.
src/lib/services/medical-scales-service.ts(41,5): error TS2322: Type '{ id: any; name: any; specialty: any; category: any; description: any; is_active: any; created_at: any; updated_at: any; }[]' is not assignable to type '{ id: any; name: any; specialty: any; category: any; description: any; is_active: any; created_at: any; updated_at: any; definition: any; }[]'.
  Property 'definition' is missing in type '{ id: any; name: any; specialty: any; category: any; description: any; is_active: any; created_at: any; updated_at: any; }' but required in type '{ id: any; name: any; specialty: any; category: any; description: any; is_active: any; created_at: any; updated_at: any; definition: any; }'.
src/pages/ClinicSearch.tsx(89,23): error TS2802: Type 'Set<string>' can only be iterated through when using the '--downlevelIteration' flag or with a '--target' of 'es2015' or higher.
src/pages/GoogleCalendarCallback.tsx(40,35): error TS2339: Property 'handleAuthCallback' does not exist on type 'GoogleCalendarService'.
src/pages/NotificationsPage.tsx(179,23): error TS2802: Type 'Set<string>' can only be iterated through when using the '--downlevelIteration' flag or with a '--target' of 'es2015' or higher.
src/pages/NotificationsPage.tsx(476,27): error TS2322: Type '"sm"' is not assignable to type '"default" | "lg"'.
src/pages/PatientRecord.tsx(135,15): error TS2304: Cannot find name 'handleSavePatient'.
src/pages/PatientRecord.tsx(538,5): error TS2304: Cannot find name 'setShowExportMenu'.
src/pages/PatientRecord.tsx(552,5): error TS2304: Cannot find name 'setShowExportMenu'.
src/pages/PatientRecord.tsx(593,5): error TS2304: Cannot find name 'setShowExportMenu'.
src/pages/PatientRecord.tsx(644,80): error TS2339: Property 'alcohol' does not exist on type 'Json'.
  Property 'alcohol' does not exist on type 'string'.
src/pages/PatientRecord.tsx(645,79): error TS2339: Property 'tabaco' does not exist on type 'Json'.
  Property 'tabaco' does not exist on type 'string'.
src/pages/PatientRecord.tsx(646,79): error TS2339: Property 'drogas' does not exist on type 'Json'.
  Property 'drogas' does not exist on type 'string'.
src/pages/PatientRecord.tsx(689,78): error TS2339: Property 'observations' does not exist on type '{ id: string; patient_id: string; doctor_id: string; current_condition: string; vital_signs: Json; physical_examination: Json; diagnosis: string; prognosis: string; treatment: string; created_at: string; updated_at: string; }'.
src/pages/PatientRecord.tsx(690,77): error TS2339: Property 'next_appointment' does not exist on type '{ id: string; patient_id: string; doctor_id: string; current_condition: string; vital_signs: Json; physical_examination: Json; diagnosis: string; prognosis: string; treatment: string; created_at: string; updated_at: string; }'.
src/pages/PatientRecord.tsx(690,125): error TS2339: Property 'next_appointment' does not exist on type '{ id: string; patient_id: string; doctor_id: string; current_condition: string; vital_signs: Json; physical_examination: Json; diagnosis: string; prognosis: string; treatment: string; created_at: string; updated_at: string; }'.
src/pages/PatientRecord.tsx(733,71): error TS2339: Property 'alcohol' does not exist on type 'Json'.
  Property 'alcohol' does not exist on type 'string'.
src/pages/PatientRecord.tsx(734,70): error TS2339: Property 'tabaco' does not exist on type 'Json'.
  Property 'tabaco' does not exist on type 'string'.
src/pages/PatientRecord.tsx(735,70): error TS2339: Property 'drogas' does not exist on type 'Json'.
  Property 'drogas' does not exist on type 'string'.
src/pages/PatientRecord.tsx(774,51): error TS2339: Property 'observations' does not exist on type '{ id: string; patient_id: string; doctor_id: string; current_condition: string; vital_signs: Json; physical_examination: Json; diagnosis: string; prognosis: string; treatment: string; created_at: string; updated_at: string; }'.
src/pages/PatientRecord.tsx(775,50): error TS2339: Property 'next_appointment' does not exist on type '{ id: string; patient_id: string; doctor_id: string; current_condition: string; vital_signs: Json; physical_examination: Json; diagnosis: string; prognosis: string; treatment: string; created_at: string; updated_at: string; }'.
src/pages/PatientRecord.tsx(775,98): error TS2339: Property 'next_appointment' does not exist on type '{ id: string; patient_id: string; doctor_id: string; current_condition: string; vital_signs: Json; physical_examination: Json; diagnosis: string; prognosis: string; treatment: string; created_at: string; updated_at: string; }'.
src/pages/PatientRecord.tsx(1164,31): error TS2698: Spread types may only be created from object types.
src/pages/PatientsList.tsx(124,7): error TS2362: The left-hand side of an arithmetic operation must be of type 'any', 'number', 'bigint' or an enum type.
src/pages/PatientsList.tsx(124,20): error TS2363: The right-hand side of an arithmetic operation must be of type 'any', 'number', 'bigint' or an enum type.
src/pages/Settings.tsx(361,12): error TS2339: Property 'catch' does not exist on type 'PromiseLike<void>'.
src/pages/UserProfile.tsx(266,32): error TS2352: Conversion of type 'Record<string, unknown>' to type 'EnhancedProfile' may be a mistake because neither type sufficiently overlaps with the other. If this was intentional, convert the expression to 'unknown' first.
  Type 'Record<string, unknown>' is missing the following properties from type 'EnhancedProfile': id, email, role, is_active, and 2 more.
src/pages/UserProfile.tsx(386,30): error TS2802: Type 'Set<string>' can only be iterated through when using the '--downlevelIteration' flag or with a '--target' of 'es2015' or higher.
src/pages/UserProfile.tsx(675,20): error TS2367: This comparison appears to be unintentional because the types '"doctor" | "admin_staff" | "patient" | "super_admin" | "health_staff"' and '"administrative_assistant"' have no overlap.
src/pages/UserProfile.tsx(680,22): error TS2367: This comparison appears to be unintentional because the types '"patient" | "super_admin"' and '"administrative_assistant"' have no overlap.
src/pages/UserProfile.tsx(687,66): error TS18047: 'profileData.specialty' is possibly 'null'.
src/test/setup.ts(47,1): error TS2304: Cannot find name 'beforeAll'.
src/test/setup.ts(59,1): error TS2304: Cannot find name 'afterAll'.
